interactions:
- request:
    body: null
    headers:
      Accept:
      - '*/*'
      Accept-Encoding:
      - gzip, deflate, br
      Connection:
      - keep-alive
      User-Agent:
      - python-requests/2.32.3
    method: GET
    uri: https://raw.githubusercontent.com/stac-extensions/label/main/examples/multidataset/catalog.json
  response:
    body:
      string: "{\n  \"stac_version\": \"1.0.0-rc.1\",\n  \"type\": \"Catalog\",\n
        \ \"id\": \"label_extension_demo\",\n  \"title\": \"label extension demo\",\n
        \ \"description\": \"Sample ML training data labels in the STAC format\",\n
        \ \"links\": [\n    {\n      \"rel\": \"root\",\n      \"href\": \"./catalog.json\"\n
        \   },\n    {\n      \"rel\": \"child\",\n      \"href\": \"zanzibar/collection.json\"\n
        \   },\n    {\n      \"rel\": \"child\",\n      \"href\": \"spacenet-buildings/collection.json\"\n
        \   }\n  ]\n}"
    headers:
      Accept-Ranges:
      - bytes
      Access-Control-Allow-Origin:
      - '*'
      Cache-Control:
      - max-age=300
      Connection:
      - keep-alive
      Content-Encoding:
      - gzip
      Content-Length:
      - '236'
      Content-Security-Policy:
      - default-src 'none'; style-src 'unsafe-inline'; sandbox
      Content-Type:
      - text/plain; charset=utf-8
      Cross-Origin-Resource-Policy:
      - cross-origin
      Date:
      - Thu, 11 Jul 2024 09:08:25 GMT
      ETag:
      - W/"acb7a8d6636e24e32f4018c14f1c4ff418a82567b2746560f9eae6ad97a48a54"
      Expires:
      - Thu, 11 Jul 2024 09:13:25 GMT
      Source-Age:
      - '0'
      Strict-Transport-Security:
      - max-age=31536000
      Vary:
      - Authorization,Accept-Encoding,Origin
      Via:
      - 1.1 varnish
      X-Cache:
      - HIT
      X-Cache-Hits:
      - '0'
      X-Content-Type-Options:
      - nosniff
      X-Fastly-Request-ID:
      - 40ded019d3369fdbe1e10d71fff939449641599d
      X-Frame-Options:
      - deny
      X-GitHub-Request-Id:
      - EB7A:35FBCE:CE464A:D82B72:668F9D3B
      X-Served-By:
      - cache-cph2320033-CPH
      X-Timer:
      - S1720688905.360324,VS0,VE167
      X-XSS-Protection:
      - 1; mode=block
    status:
      code: 200
      message: OK
- request:
    body: null
    headers:
      Connection:
      - close
      Host:
      - raw.githubusercontent.com
      User-Agent:
      - Python-urllib/3.12
    method: GET
    uri: https://raw.githubusercontent.com/stac-extensions/label/main/examples/multidataset/catalog.json
  response:
    body:
      string: "{\n  \"stac_version\": \"1.0.0-rc.1\",\n  \"type\": \"Catalog\",\n
        \ \"id\": \"label_extension_demo\",\n  \"title\": \"label extension demo\",\n
        \ \"description\": \"Sample ML training data labels in the STAC format\",\n
        \ \"links\": [\n    {\n      \"rel\": \"root\",\n      \"href\": \"./catalog.json\"\n
        \   },\n    {\n      \"rel\": \"child\",\n      \"href\": \"zanzibar/collection.json\"\n
        \   },\n    {\n      \"rel\": \"child\",\n      \"href\": \"spacenet-buildings/collection.json\"\n
        \   }\n  ]\n}"
    headers:
      Accept-Ranges:
      - bytes
      Access-Control-Allow-Origin:
      - '*'
      Cache-Control:
      - max-age=300
      Connection:
      - close
      Content-Length:
      - '436'
      Content-Security-Policy:
      - default-src 'none'; style-src 'unsafe-inline'; sandbox
      Content-Type:
      - text/plain; charset=utf-8
      Cross-Origin-Resource-Policy:
      - cross-origin
      Date:
      - Thu, 11 Jul 2024 09:08:25 GMT
      ETag:
      - '"e74ebcbc46d43c5b693ecb995381fbeba03583627e6d65b21ed7678a10d94729"'
      Expires:
      - Thu, 11 Jul 2024 09:13:25 GMT
      Source-Age:
      - '0'
      Strict-Transport-Security:
      - max-age=31536000
      Vary:
      - Authorization,Accept-Encoding,Origin
      Via:
      - 1.1 varnish
      X-Cache:
      - HIT
      X-Cache-Hits:
      - '0'
      X-Content-Type-Options:
      - nosniff
      X-Fastly-Request-ID:
      - 248bb7d782be0752dfd4a7019edf3d3a11a1dbbd
      X-Frame-Options:
      - deny
      X-GitHub-Request-Id:
      - 422A:3AB699:3161EEF:33D2DA3:668F9D3B
      X-Served-By:
      - cache-cph2320059-CPH
      X-Timer:
      - S1720688906.554332,VS0,VE156
      X-XSS-Protection:
      - 1; mode=block
    status:
      code: 200
      message: OK
- request:
    body: null
    headers:
      Accept:
      - '*/*'
      Accept-Encoding:
      - gzip, deflate, br
      Connection:
      - keep-alive
      User-Agent:
      - python-requests/2.32.3
    method: GET
    uri: https://raw.githubusercontent.com/stac-extensions/label/main/examples/multidataset/zanzibar/znz001.json
  response:
    body:
      string: "{\n  \"stac_version\": \"1.0.0-rc.1\",\n  \"stac_extensions\": [\n
        \   \"https://stac-extensions.github.io/label/v1.0.1/schema.json\",\n    \"https://stac-extensions.github.io/version/v1.0.0/schema.json\"\n
        \ ],\n  \"id\": \"znz001\",\n  \"type\": \"Feature\",\n  \"bbox\": [\n    39.28919876472999,\n
        \   -5.743028283012867,\n    39.31302874892266,\n    -5.722212794937691\n
        \ ],\n  \"geometry\": {\n    \"type\": \"Polygon\",\n    \"coordinates\":
        [\n      [\n        [\n          39.28919876472999,\n          -5.743028283012867\n
        \       ],\n        [\n          39.31302874892266,\n          -5.743028283012867\n
        \       ],\n        [\n          39.31302874892266,\n          -5.722212794937691\n
        \       ],\n        [\n          39.28919876472999,\n          -5.722212794937691\n
        \       ]\n      ]\n    ]\n  },\n  \"assets\": {\n    \"labels\": {\n      \"title\":
        \"znz001_label\",\n      \"href\": \"https://www.dropbox.com/sh/ct3s1x2a846x3yl/AAARCAOqhcRdoU7ULOb9GJl9a/grid_001.geojson?dl=1\",\n
        \     \"type\": \"application/geo+json\"\n    },\n    \"raster\": {\n      \"title\":
        \"znz001_previewcog\",\n      \"href\": \"https://oin-hotosm.s3.amazonaws.com/5afeda152b6a08001185f11a/0/5afeda152b6a08001185f11b.tif\",\n
        \     \"type\": \"image/tiff; application=geotiff; profile=cloud-optimized\"\n
        \   },\n    \"thumbnail\": {\n      \"title\": \"znz001_thumbnail\",\n      \"href\":
        \"https://oin-hotosm.s3.amazonaws.com/5afeda152b6a08001185f11a/0/5afeda152b6a08001185f11b.png\",\n
        \     \"type\": \"image/png\"\n    }\n  },\n  \"properties\": {\n    \"datetime\":
        \"2019-04-23T00:00:00Z\",\n    \"license\": \"CC-BY-4.0\",\n    \"label:properties\":
        [\n      \"building\",\n      \"condition\"\n    ],\n    \"label:description\":
        \"building footprints manually  labeled and classified according to building
        completion status\",\n    \"label:tasks\": [\n      \"segmentation\"\n    ],\n
        \   \"label:type\": \"vector\",\n    \"label:methods\": [\n      \"manual\"\n
        \   ],\n    \"version\": \"1\",\n    \"label:classes\": [\n      {\n        \"name\":
        \"building\",\n        \"classes\": [\n          \"yes\"\n        ]\n      },\n
        \     {\n        \"name\": \"condition\",\n        \"classes\": [\n          \"Complete\",\n
        \         \"Incomplete\",\n          \"Foundation\"\n        ]\n      }\n
        \   ],\n    \"label:overviews\": [\n      {\n        \"property_key\": \"building\",\n
        \       \"counts\": [\n          {\n            \"name\": \"yes\",\n            \"count\":
        4440\n          }\n        ]\n      }\n    ]\n  },\n  \"links\": [\n    {\n
        \     \"rel\": \"root\",\n      \"href\": \"../catalog.json\"\n    },\n    {\n
        \     \"rel\": \"parent\",\n      \"href\": \"collection.json\"\n    },\n
        \   {\n      \"rel\": \"collection\",\n      \"href\": \"collection.json\"\n
        \   },\n    {\n      \"rel\": \"source\",\n      \"href\": \"https://oin-hotosm.s3.amazonaws.com/5afeda152b6a08001185f11a/0/5afeda152b6a08001185f11b.tif\",\n
        \     \"title\": \"The source imagery these building labels were derived from\",\n
        \     \"label:assets\": [\n        \"building\"\n      ]\n    }\n  ]\n}"
    headers:
      Accept-Ranges:
      - bytes
      Access-Control-Allow-Origin:
      - '*'
      Cache-Control:
      - max-age=300
      Connection:
      - keep-alive
      Content-Encoding:
      - gzip
      Content-Length:
      - '914'
      Content-Security-Policy:
      - default-src 'none'; style-src 'unsafe-inline'; sandbox
      Content-Type:
      - text/plain; charset=utf-8
      Cross-Origin-Resource-Policy:
      - cross-origin
      Date:
      - Thu, 11 Jul 2024 09:08:25 GMT
      ETag:
      - W/"1923ecd4bc9d501e9a4f26486395e7fcd45f9ef272ada43ce0b0560471e4a3da"
      Expires:
      - Thu, 11 Jul 2024 09:13:25 GMT
      Source-Age:
      - '0'
      Strict-Transport-Security:
      - max-age=31536000
      Vary:
      - Authorization,Accept-Encoding,Origin
      Via:
      - 1.1 varnish
      X-Cache:
      - HIT
      X-Cache-Hits:
      - '0'
      X-Content-Type-Options:
      - nosniff
      X-Fastly-Request-ID:
      - 2ffdd752b911502487afe5f7ee0dd6db90b5bb62
      X-Frame-Options:
      - deny
      X-GitHub-Request-Id:
      - 6BA5:37FEB6:31EC739:347AE55:668F9D4A
      X-Served-By:
      - cache-cph2320028-CPH
      X-Timer:
      - S1720688906.737066,VS0,VE140
      X-XSS-Protection:
      - 1; mode=block
    status:
      code: 200
      message: OK
version: 1
